2025-04-15 23:08:51,174 - utils.logger_utils - INFO - Logger is set up and ready to use.
2025-04-15 23:08:51,238 - utils.logger_utils - INFO - Logger is set up and ready to use.
2025-04-15 23:08:51,700 - utils.logger_utils - INFO - Testing logger functionality
2025-04-15 23:08:51,704 - utils.logger_utils - INFO - Lifespan function started
2025-04-15 23:08:51,709 - databases - INFO - Connected to database mysql+pymysql://root:********@localhost/tnt
2025-04-15 23:08:51,710 - utils.logger_utils - INFO - Database connected successfully!
2025-04-15 23:08:51,766 - utils.logger_utils - INFO - Testing logger functionality
2025-04-15 23:08:51,769 - utils.logger_utils - INFO - Lifespan function started
2025-04-15 23:08:51,775 - databases - INFO - Connected to database mysql+pymysql://root:********@localhost/tnt
2025-04-15 23:08:51,775 - utils.logger_utils - INFO - Database connected successfully!
2025-04-15 23:11:31,117 - databases - INFO - Disconnected from database mysql+pymysql://root:********@localhost/tnt
2025-04-15 23:11:31,117 - utils.logger_utils - INFO - Database disconnected successfully!
2025-04-15 23:11:31,178 - databases - INFO - Disconnected from database mysql+pymysql://root:********@localhost/tnt
2025-04-15 23:11:31,178 - utils.logger_utils - INFO - Database disconnected successfully!
2025-04-15 23:11:31,395 - utils.logger_utils - INFO - Logger is set up and ready to use.
2025-04-15 23:11:31,461 - utils.logger_utils - INFO - Logger is set up and ready to use.
2025-04-15 23:11:31,891 - utils.logger_utils - INFO - [92mINFO[0m:     message
2025-04-15 23:11:31,895 - utils.logger_utils - INFO - [92mINFO[0m:     message
2025-04-15 23:11:31,900 - databases - INFO - Connected to database mysql+pymysql://root:********@localhost/tnt
2025-04-15 23:11:31,900 - utils.logger_utils - INFO - [92mINFO[0m:     message
2025-04-15 23:11:31,944 - utils.logger_utils - INFO - [92mINFO[0m:     message
2025-04-15 23:11:31,947 - utils.logger_utils - INFO - [92mINFO[0m:     message
2025-04-15 23:11:31,953 - databases - INFO - Connected to database mysql+pymysql://root:********@localhost/tnt
2025-04-15 23:11:31,953 - utils.logger_utils - INFO - [92mINFO[0m:     message
2025-04-15 23:11:33,746 - databases - INFO - Disconnected from database mysql+pymysql://root:********@localhost/tnt
2025-04-15 23:11:33,746 - utils.logger_utils - INFO - [92mINFO[0m:     message
2025-04-15 23:11:35,042 - utils.logger_utils - INFO - Logger is set up and ready to use.
2025-04-15 23:11:35,524 - utils.logger_utils - INFO - [92mINFO[0m:     message
2025-04-15 23:11:35,527 - utils.logger_utils - INFO - [92mINFO[0m:     message
2025-04-15 23:11:35,532 - databases - INFO - Connected to database mysql+pymysql://root:********@localhost/tnt
2025-04-15 23:11:35,532 - utils.logger_utils - INFO - [92mINFO[0m:     message
2025-04-15 23:12:17,602 - databases - INFO - Disconnected from database mysql+pymysql://root:********@localhost/tnt
2025-04-15 23:12:17,602 - utils.logger_utils - INFO - [92mINFO[0m:     message
2025-04-15 23:12:17,725 - databases - INFO - Disconnected from database mysql+pymysql://root:********@localhost/tnt
2025-04-15 23:12:17,725 - utils.logger_utils - INFO - [92mINFO[0m:     message
2025-04-15 23:12:17,892 - utils.logger_utils - INFO - Logger is set up and ready to use.
2025-04-15 23:12:18,029 - utils.logger_utils - INFO - Logger is set up and ready to use.
2025-04-15 23:12:18,388 - utils.logger_utils - INFO - [92mINFO[0m:     Testing logger functionality
2025-04-15 23:12:18,391 - utils.logger_utils - INFO - [92mINFO[0m:     Lifespan function started
2025-04-15 23:12:18,396 - databases - INFO - Connected to database mysql+pymysql://root:********@localhost/tnt
2025-04-15 23:12:18,396 - utils.logger_utils - INFO - [92mINFO[0m:     Database connected successfully!
2025-04-15 23:12:18,528 - utils.logger_utils - INFO - [92mINFO[0m:     Testing logger functionality
2025-04-15 23:12:18,531 - utils.logger_utils - INFO - [92mINFO[0m:     Lifespan function started
2025-04-15 23:12:18,537 - databases - INFO - Connected to database mysql+pymysql://root:********@localhost/tnt
2025-04-15 23:12:18,537 - utils.logger_utils - INFO - [92mINFO[0m:     Database connected successfully!
2025-04-15 23:13:11,695 - databases - INFO - Disconnected from database mysql+pymysql://root:********@localhost/tnt
2025-04-15 23:13:11,696 - utils.logger_utils - INFO - [92mINFO[0m:     Database disconnected successfully!
2025-04-15 23:13:11,774 - databases - INFO - Disconnected from database mysql+pymysql://root:********@localhost/tnt
2025-04-15 23:13:11,774 - utils.logger_utils - INFO - [92mINFO[0m:     Database disconnected successfully!
Logger is set up and ready to use. [2025-04-15 23:13:11,976]
Logger is set up and ready to use. [2025-04-15 23:13:12,055]
[92mINFO[0m:     Testing logger functionality [2025-04-15 23:13:12,478]
[92mINFO[0m:     Lifespan function started [2025-04-15 23:13:12,481]
Connected to database mysql+pymysql://root:********@localhost/tnt [2025-04-15 23:13:12,488]
[92mINFO[0m:     Database connected successfully! [2025-04-15 23:13:12,488]
[92mINFO[0m:     Testing logger functionality [2025-04-15 23:13:12,565]
[92mINFO[0m:     Lifespan function started [2025-04-15 23:13:12,568]
Connected to database mysql+pymysql://root:********@localhost/tnt [2025-04-15 23:13:12,574]
[92mINFO[0m:     Database connected successfully! [2025-04-15 23:13:12,575]
Disconnected from database mysql+pymysql://root:********@localhost/tnt [2025-04-15 23:13:54,996]
[92mINFO[0m:     Database disconnected successfully! [2025-04-15 23:13:54,996]
Disconnected from database mysql+pymysql://root:********@localhost/tnt [2025-04-15 23:13:55,090]
[92mINFO[0m:     Database disconnected successfully! [2025-04-15 23:13:55,090]
Logger is set up and ready to use. [2025-04-15 23:13:55,292]
Logger is set up and ready to use. [2025-04-15 23:13:55,383]
[92mINFO[0m:     Testing logger functionality [2025-04-15 23:13:55,812]
[92mINFO[0m:     Lifespan function started [2025-04-15 23:13:55,815]
Connected to database mysql+pymysql://root:********@localhost/tnt [2025-04-15 23:13:55,821]
[92mINFO[0m:     Database connected successfully! [2025-04-15 23:13:55,821]
[92mINFO[0m:     Testing logger functionality [2025-04-15 23:13:55,911]
[92mINFO[0m:     Lifespan function started [2025-04-15 23:13:55,913]
Connected to database mysql+pymysql://root:********@localhost/tnt [2025-04-15 23:13:55,919]
[92mINFO[0m:     Database connected successfully! [2025-04-15 23:13:55,919]
Disconnected from database mysql+pymysql://root:********@localhost/tnt [2025-04-15 23:14:27,263]
[92mINFO[0m:     Database disconnected successfully! [2025-04-15 23:14:27,263]
Disconnected from database mysql+pymysql://root:********@localhost/tnt [2025-04-15 23:14:27,357]
[92mINFO[0m:     Database disconnected successfully! [2025-04-15 23:14:27,357]
Logger is set up and ready to use. [2025-04-15 23:14:27,540]
Logger is set up and ready to use. [2025-04-15 23:14:27,644]
[92mINFO[0m:     Testing logger functionality [2025-04-15 23:14:28,052]
[92mINFO[0m:     Lifespan function started [2025-04-15 23:14:28,055]
Connected to database mysql+pymysql://root:********@localhost/tnt [2025-04-15 23:14:28,060]
[92mINFO[0m:     Database connected successfully! [2025-04-15 23:14:28,060]
[92mINFO[0m:     Testing logger functionality [2025-04-15 23:14:28,164]
[92mINFO[0m:     Lifespan function started [2025-04-15 23:14:28,167]
Connected to database mysql+pymysql://root:********@localhost/tnt [2025-04-15 23:14:28,171]
[92mINFO[0m:     Database connected successfully! [2025-04-15 23:14:28,171]
Disconnected from database mysql+pymysql://root:********@localhost/tnt [2025-04-15 23:14:42,089]
[92mINFO[0m:     Database disconnected successfully! [2025-04-15 23:14:42,089]
Disconnected from database mysql+pymysql://root:********@localhost/tnt [2025-04-15 23:14:42,199]
[92mINFO[0m:     Database disconnected successfully! [2025-04-15 23:14:42,199]
